[10/05 08:06:46] ShapeNetPartNormal INFO: dist_url: tcp://localhost:8888
dist_backend: nccl
multiprocessing_distributed: False
ngpus_per_node: 1
world_size: 1
launcher: mp
local_rank: 0
use_gpu: True
seed: 4203
epoch: 0
epochs: 300
ignore_index: None
val_fn: validate
deterministic: False
sync_bn: False
criterion_args:
  NAME: Poly1FocalLoss
use_mask: False
grad_norm_clip: 1
layer_decay: 0
step_per_update: 1
start_epoch: 1
sched_on_epoch: True
wandb:
  use_wandb: False
  project: PointNext-ShapeNetPart
  tags: ['shapenetpart', 'train', 'PCM', 'ngpus1', 'seed4203']
  name: shapenetpart-train-PCM-ngpus1-seed4203-20241005-080646-FgxrV8MrM7tXebDdbtcqH2
use_amp: False
use_voting: False
val_freq: 1
resume: False
test: False
finetune: False
mode: train
logname: None
load_path: None
print_freq: 10
save_freq: -1
root_dir: log/shapenetpart
pretrained_path: None
datatransforms:
  train: ['PointsToTensor', 'PointCloudScaling', 'PointCloudCenterAndNormalize', 'PointCloudJitter', 'ChromaticDropGPU']
  val: ['PointsToTensor', 'PointCloudCenterAndNormalize']
  vote: ['PointCloudScaling']
  kwargs:
    jitter_sigma: 0.001
    jitter_clip: 0.005
    scale: [0.8, 1.2]
    gravity_dim: 1
    angle: [0, 1.0, 0]
feature_keys: pos,x,heights
dataset:
  common:
    NAME: ShapeNetPartNormal
    data_root: data/ShapeNetPart/origin_segment_all
    use_normal: True
    num_points: 102400
  train:
    split: trainval
  val:
    split: test
    presample: True
num_classes: 18
shape_classes: 1
num_points: 102400
normal_channel: True
batch_size: 2
dataloader:
  num_workers: 6
num_votes: 10
refine: True
lr: 0.0001
min_lr: 1e-05
optimizer:
  NAME: adamw
  weight_decay: 0.05
sched: multistep
decay_epochs: [210, 270]
decay_rate: 0.5
warmup_epochs: 5
model:
  NAME: BasePartSeg
  encoder_args:
    NAME: PointMambaEncoder
    in_channels: 7
    embed_dim: 384
    groups: 1
    res_expansion: 1.0
    activation: relu
    bias: False
    use_xyz: True
    normalize: anchor
    dim_expansion: [1, 1, 2, 1]
    pre_blocks: [1, 1, 1, 1]
    mamba_blocks: [1, 2, 2, 4]
    pos_blocks: [0, 0, 0, 0]
    k_neighbors: [12, 12, 12, 12]
    reducers: [2, 2, 2, 2]
    rms_norm: True
    residual_in_fp32: True
    fused_add_norm: True
    bimamba_type: v2
    drop_path_rate: 0.1
    mamba_pos: True
    mamba_layers_orders: ['xyz', 'xzy', 'yxz', 'yzx', 'zxy', 'zyx', 'hilbert', 'z', 'z-trans']
    use_order_prompt: True
    prompt_num_per_order: 6
  decoder_args:
    NAME: PointMambaPartDecoder
    encoder_channel_list: [384, 384, 384, 768, 768]
    decoder_channel_list: [768, 384, 384, 384]
    decoder_blocks: [1, 1, 1, 1]
    mamba_blocks: [0, 0, 0, 0]
    mamba_layers_orders: []
  cls_args:
    NAME: SegHead
    global_feat: max,avg
    num_classes: 18
    in_channels: None
    norm_args:
      norm: bn
rank: 0
distributed: False
mp: False
task_name: shapenetpart
cfg_basename: PCM
opts: 
is_training: True
run_name: shapenetpart-train-PCM-ngpus1-seed4203-20241005-080646-FgxrV8MrM7tXebDdbtcqH2
run_dir: log/shapenetpart/shapenetpart-train-PCM-ngpus1-seed4203-20241005-080646-FgxrV8MrM7tXebDdbtcqH2
exp_dir: log/shapenetpart/shapenetpart-train-PCM-ngpus1-seed4203-20241005-080646-FgxrV8MrM7tXebDdbtcqH2
log_dir: log/shapenetpart/shapenetpart-train-PCM-ngpus1-seed4203-20241005-080646-FgxrV8MrM7tXebDdbtcqH2
ckpt_dir: log/shapenetpart/shapenetpart-train-PCM-ngpus1-seed4203-20241005-080646-FgxrV8MrM7tXebDdbtcqH2/checkpoint
log_path: log/shapenetpart/shapenetpart-train-PCM-ngpus1-seed4203-20241005-080646-FgxrV8MrM7tXebDdbtcqH2/shapenetpart-train-PCM-ngpus1-seed4203-20241005-080646-FgxrV8MrM7tXebDdbtcqH2.log
cfg_path: log/shapenetpart/shapenetpart-train-PCM-ngpus1-seed4203-20241005-080646-FgxrV8MrM7tXebDdbtcqH2/cfg.yaml
[10/05 08:06:46] ShapeNetPartNormal INFO: length of validation dataset: 20
[10/05 08:06:46] ShapeNetPartNormal INFO: number of classes of the dataset: None
[10/05 08:06:47] ShapeNetPartNormal INFO: BasePartSeg(
  (encoder): PointMambaEncoder(
    (embedding): ConvBNReLU1D(
      (act): ReLU(inplace=True)
      (net): Sequential(
        (0): Conv1d(7, 384, kernel_size=(1,), stride=(1,), bias=False)
        (1): BatchNorm1d(384, eps=1e-05, momentum=0.1, affine=True, track_running_stats=True)
        (2): ReLU(inplace=True)
      )
    )
    (order_prompt): Embedding(54, 384)
    (pos_proj): ModuleList(
      (0-1): 2 x Linear(in_features=3, out_features=384, bias=False)
      (2-3): 2 x Linear(in_features=3, out_features=768, bias=False)
    )
    (local_grouper_list): ModuleList(
      (0-3): 4 x LocalGrouper()
    )
    (pre_blocks_list): ModuleList(
      (0-1): 2 x PreExtraction(
        (transfer): ConvBNReLU1D(
          (act): ReLU(inplace=True)
          (net): Sequential(
            (0): Conv1d(771, 384, kernel_size=(1,), stride=(1,), bias=False)
            (1): BatchNorm1d(384, eps=1e-05, momentum=0.1, affine=True, track_running_stats=True)
            (2): ReLU(inplace=True)
          )
        )
        (operation): Sequential(
          (0): ConvBNReLURes1D(
            (act): ReLU(inplace=True)
            (net1): Sequential(
              (0): Conv1d(384, 384, kernel_size=(1,), stride=(1,), bias=False)
              (1): BatchNorm1d(384, eps=1e-05, momentum=0.1, affine=True, track_running_stats=True)
              (2): ReLU(inplace=True)
            )
            (net2): Sequential(
              (0): Conv1d(384, 384, kernel_size=(1,), stride=(1,), bias=False)
              (1): BatchNorm1d(384, eps=1e-05, momentum=0.1, affine=True, track_running_stats=True)
            )
          )
        )
      )
      (2): PreExtraction(
        (transfer): ConvBNReLU1D(
          (act): ReLU(inplace=True)
          (net): Sequential(
            (0): Conv1d(771, 768, kernel_size=(1,), stride=(1,), bias=False)
            (1): BatchNorm1d(768, eps=1e-05, momentum=0.1, affine=True, track_running_stats=True)
            (2): ReLU(inplace=True)
          )
        )
        (operation): Sequential(
          (0): ConvBNReLURes1D(
            (act): ReLU(inplace=True)
            (net1): Sequential(
              (0): Conv1d(768, 768, kernel_size=(1,), stride=(1,), bias=False)
              (1): BatchNorm1d(768, eps=1e-05, momentum=0.1, affine=True, track_running_stats=True)
              (2): ReLU(inplace=True)
            )
            (net2): Sequential(
              (0): Conv1d(768, 768, kernel_size=(1,), stride=(1,), bias=False)
              (1): BatchNorm1d(768, eps=1e-05, momentum=0.1, affine=True, track_running_stats=True)
            )
          )
        )
      )
      (3): PreExtraction(
        (transfer): ConvBNReLU1D(
          (act): ReLU(inplace=True)
          (net): Sequential(
            (0): Conv1d(1539, 768, kernel_size=(1,), stride=(1,), bias=False)
            (1): BatchNorm1d(768, eps=1e-05, momentum=0.1, affine=True, track_running_stats=True)
            (2): ReLU(inplace=True)
          )
        )
        (operation): Sequential(
          (0): ConvBNReLURes1D(
            (act): ReLU(inplace=True)
            (net1): Sequential(
              (0): Conv1d(768, 768, kernel_size=(1,), stride=(1,), bias=False)
              (1): BatchNorm1d(768, eps=1e-05, momentum=0.1, affine=True, track_running_stats=True)
              (2): ReLU(inplace=True)
            )
            (net2): Sequential(
              (0): Conv1d(768, 768, kernel_size=(1,), stride=(1,), bias=False)
              (1): BatchNorm1d(768, eps=1e-05, momentum=0.1, affine=True, track_running_stats=True)
            )
          )
        )
      )
    )
    (mamba_blocks_list): ModuleList(
      (0): Sequential(
        (0): MambaBlock(
          (mixer): Mamba(
            (in_proj): Linear(in_features=384, out_features=1536, bias=False)
            (conv1d): Conv1d(768, 768, kernel_size=(4,), stride=(1,), padding=(3,), groups=768)
            (act): SiLU()
            (x_proj): Linear(in_features=768, out_features=56, bias=False)
            (dt_proj): Linear(in_features=24, out_features=768, bias=True)
            (conv1d_b): Conv1d(768, 768, kernel_size=(4,), stride=(1,), padding=(3,), groups=768)
            (x_proj_b): Linear(in_features=768, out_features=56, bias=False)
            (dt_proj_b): Linear(in_features=24, out_features=768, bias=True)
            (out_proj): Linear(in_features=768, out_features=384, bias=False)
          )
          (norm): RMSNorm()
          (drop_path): Identity()
        )
      )
      (1): Sequential(
        (0): MambaBlock(
          (mixer): Mamba(
            (in_proj): Linear(in_features=384, out_features=1536, bias=False)
            (conv1d): Conv1d(768, 768, kernel_size=(4,), stride=(1,), padding=(3,), groups=768)
            (act): SiLU()
            (x_proj): Linear(in_features=768, out_features=56, bias=False)
            (dt_proj): Linear(in_features=24, out_features=768, bias=True)
            (conv1d_b): Conv1d(768, 768, kernel_size=(4,), stride=(1,), padding=(3,), groups=768)
            (x_proj_b): Linear(in_features=768, out_features=56, bias=False)
            (dt_proj_b): Linear(in_features=24, out_features=768, bias=True)
            (out_proj): Linear(in_features=768, out_features=384, bias=False)
          )
          (norm): RMSNorm()
          (drop_path): Identity()
        )
        (1): MambaBlock(
          (mixer): Mamba(
            (in_proj): Linear(in_features=384, out_features=1536, bias=False)
            (conv1d): Conv1d(768, 768, kernel_size=(4,), stride=(1,), padding=(3,), groups=768)
            (act): SiLU()
            (x_proj): Linear(in_features=768, out_features=56, bias=False)
            (dt_proj): Linear(in_features=24, out_features=768, bias=True)
            (conv1d_b): Conv1d(768, 768, kernel_size=(4,), stride=(1,), padding=(3,), groups=768)
            (x_proj_b): Linear(in_features=768, out_features=56, bias=False)
            (dt_proj_b): Linear(in_features=24, out_features=768, bias=True)
            (out_proj): Linear(in_features=768, out_features=384, bias=False)
          )
          (norm): RMSNorm()
          (drop_path): DropPath(drop_prob=0.013)
        )
      )
      (2): Sequential(
        (0): MambaBlock(
          (mixer): Mamba(
            (in_proj): Linear(in_features=768, out_features=3072, bias=False)
            (conv1d): Conv1d(1536, 1536, kernel_size=(4,), stride=(1,), padding=(3,), groups=1536)
            (act): SiLU()
            (x_proj): Linear(in_features=1536, out_features=80, bias=False)
            (dt_proj): Linear(in_features=48, out_features=1536, bias=True)
            (conv1d_b): Conv1d(1536, 1536, kernel_size=(4,), stride=(1,), padding=(3,), groups=1536)
            (x_proj_b): Linear(in_features=1536, out_features=80, bias=False)
            (dt_proj_b): Linear(in_features=48, out_features=1536, bias=True)
            (out_proj): Linear(in_features=1536, out_features=768, bias=False)
          )
          (norm): RMSNorm()
          (drop_path): DropPath(drop_prob=0.025)
        )
        (1): MambaBlock(
          (mixer): Mamba(
            (in_proj): Linear(in_features=768, out_features=3072, bias=False)
            (conv1d): Conv1d(1536, 1536, kernel_size=(4,), stride=(1,), padding=(3,), groups=1536)
            (act): SiLU()
            (x_proj): Linear(in_features=1536, out_features=80, bias=False)
            (dt_proj): Linear(in_features=48, out_features=1536, bias=True)
            (conv1d_b): Conv1d(1536, 1536, kernel_size=(4,), stride=(1,), padding=(3,), groups=1536)
            (x_proj_b): Linear(in_features=1536, out_features=80, bias=False)
            (dt_proj_b): Linear(in_features=48, out_features=1536, bias=True)
            (out_proj): Linear(in_features=1536, out_features=768, bias=False)
          )
          (norm): RMSNorm()
          (drop_path): DropPath(drop_prob=0.038)
        )
      )
      (3): Sequential(
        (0): MambaBlock(
          (mixer): Mamba(
            (in_proj): Linear(in_features=768, out_features=3072, bias=False)
            (conv1d): Conv1d(1536, 1536, kernel_size=(4,), stride=(1,), padding=(3,), groups=1536)
            (act): SiLU()
            (x_proj): Linear(in_features=1536, out_features=80, bias=False)
            (dt_proj): Linear(in_features=48, out_features=1536, bias=True)
            (conv1d_b): Conv1d(1536, 1536, kernel_size=(4,), stride=(1,), padding=(3,), groups=1536)
            (x_proj_b): Linear(in_features=1536, out_features=80, bias=False)
            (dt_proj_b): Linear(in_features=48, out_features=1536, bias=True)
            (out_proj): Linear(in_features=1536, out_features=768, bias=False)
          )
          (norm): RMSNorm()
          (drop_path): DropPath(drop_prob=0.050)
        )
        (1): MambaBlock(
          (mixer): Mamba(
            (in_proj): Linear(in_features=768, out_features=3072, bias=False)
            (conv1d): Conv1d(1536, 1536, kernel_size=(4,), stride=(1,), padding=(3,), groups=1536)
            (act): SiLU()
            (x_proj): Linear(in_features=1536, out_features=80, bias=False)
            (dt_proj): Linear(in_features=48, out_features=1536, bias=True)
            (conv1d_b): Conv1d(1536, 1536, kernel_size=(4,), stride=(1,), padding=(3,), groups=1536)
            (x_proj_b): Linear(in_features=1536, out_features=80, bias=False)
            (dt_proj_b): Linear(in_features=48, out_features=1536, bias=True)
            (out_proj): Linear(in_features=1536, out_features=768, bias=False)
          )
          (norm): RMSNorm()
          (drop_path): DropPath(drop_prob=0.062)
        )
        (2): MambaBlock(
          (mixer): Mamba(
            (in_proj): Linear(in_features=768, out_features=3072, bias=False)
            (conv1d): Conv1d(1536, 1536, kernel_size=(4,), stride=(1,), padding=(3,), groups=1536)
            (act): SiLU()
            (x_proj): Linear(in_features=1536, out_features=80, bias=False)
            (dt_proj): Linear(in_features=48, out_features=1536, bias=True)
            (conv1d_b): Conv1d(1536, 1536, kernel_size=(4,), stride=(1,), padding=(3,), groups=1536)
            (x_proj_b): Linear(in_features=1536, out_features=80, bias=False)
            (dt_proj_b): Linear(in_features=48, out_features=1536, bias=True)
            (out_proj): Linear(in_features=1536, out_features=768, bias=False)
          )
          (norm): RMSNorm()
          (drop_path): DropPath(drop_prob=0.075)
        )
        (3): MambaBlock(
          (mixer): Mamba(
            (in_proj): Linear(in_features=768, out_features=3072, bias=False)
            (conv1d): Conv1d(1536, 1536, kernel_size=(4,), stride=(1,), padding=(3,), groups=1536)
            (act): SiLU()
            (x_proj): Linear(in_features=1536, out_features=80, bias=False)
            (dt_proj): Linear(in_features=48, out_features=1536, bias=True)
            (conv1d_b): Conv1d(1536, 1536, kernel_size=(4,), stride=(1,), padding=(3,), groups=1536)
            (x_proj_b): Linear(in_features=1536, out_features=80, bias=False)
            (dt_proj_b): Linear(in_features=48, out_features=1536, bias=True)
            (out_proj): Linear(in_features=1536, out_features=768, bias=False)
          )
          (norm): RMSNorm()
          (drop_path): DropPath(drop_prob=0.087)
        )
      )
    )
    (pos_blocks_list): ModuleList(
      (0-3): 4 x Identity()
    )
    (residual_proj_blocks_list): ModuleList(
      (0-1): 2 x Identity()
      (2): Linear(in_features=384, out_features=768, bias=False)
      (3): Identity()
    )
    (order_prompt_proj): ModuleList(
      (0-1): 2 x Linear(in_features=384, out_features=384, bias=False)
      (2-3): 2 x Linear(in_features=384, out_features=768, bias=False)
    )
    (act): ReLU(inplace=True)
  )
  (decoder): PointMambaPartDecoder(
    (decode_list): ModuleList(
      (0): PointNetFeaturePropagation(
        (fuse): ConvBNReLU1D(
          (act): ReLU(inplace=True)
          (net): Sequential(
            (0): Conv1d(1536, 768, kernel_size=(1,), stride=(1,))
            (1): BatchNorm1d(768, eps=1e-05, momentum=0.1, affine=True, track_running_stats=True)
            (2): ReLU(inplace=True)
          )
        )
        (extraction): PosExtraction(
          (operation): Sequential(
            (0): ConvBNReLURes1D(
              (act): ReLU(inplace=True)
              (net1): Sequential(
                (0): Conv1d(768, 768, kernel_size=(1,), stride=(1,))
                (1): BatchNorm1d(768, eps=1e-05, momentum=0.1, affine=True, track_running_stats=True)
                (2): ReLU(inplace=True)
              )
              (net2): Sequential(
                (0): Conv1d(768, 768, kernel_size=(1,), stride=(1,))
                (1): BatchNorm1d(768, eps=1e-05, momentum=0.1, affine=True, track_running_stats=True)
              )
            )
          )
        )
      )
      (1): PointNetFeaturePropagation(
        (fuse): ConvBNReLU1D(
          (act): ReLU(inplace=True)
          (net): Sequential(
            (0): Conv1d(1152, 384, kernel_size=(1,), stride=(1,))
            (1): BatchNorm1d(384, eps=1e-05, momentum=0.1, affine=True, track_running_stats=True)
            (2): ReLU(inplace=True)
          )
        )
        (extraction): PosExtraction(
          (operation): Sequential(
            (0): ConvBNReLURes1D(
              (act): ReLU(inplace=True)
              (net1): Sequential(
                (0): Conv1d(384, 384, kernel_size=(1,), stride=(1,))
                (1): BatchNorm1d(384, eps=1e-05, momentum=0.1, affine=True, track_running_stats=True)
                (2): ReLU(inplace=True)
              )
              (net2): Sequential(
                (0): Conv1d(384, 384, kernel_size=(1,), stride=(1,))
                (1): BatchNorm1d(384, eps=1e-05, momentum=0.1, affine=True, track_running_stats=True)
              )
            )
          )
        )
      )
      (2-3): 2 x PointNetFeaturePropagation(
        (fuse): ConvBNReLU1D(
          (act): ReLU(inplace=True)
          (net): Sequential(
            (0): Conv1d(768, 384, kernel_size=(1,), stride=(1,))
            (1): BatchNorm1d(384, eps=1e-05, momentum=0.1, affine=True, track_running_stats=True)
            (2): ReLU(inplace=True)
          )
        )
        (extraction): PosExtraction(
          (operation): Sequential(
            (0): ConvBNReLURes1D(
              (act): ReLU(inplace=True)
              (net1): Sequential(
                (0): Conv1d(384, 384, kernel_size=(1,), stride=(1,))
                (1): BatchNorm1d(384, eps=1e-05, momentum=0.1, affine=True, track_running_stats=True)
                (2): ReLU(inplace=True)
              )
              (net2): Sequential(
                (0): Conv1d(384, 384, kernel_size=(1,), stride=(1,))
                (1): BatchNorm1d(384, eps=1e-05, momentum=0.1, affine=True, track_running_stats=True)
              )
            )
          )
        )
      )
    )
    (mamba_list): ModuleList(
      (0-3): 4 x Sequential()
    )
    (act): ReLU(inplace=True)
    (cls_map): Sequential(
      (0): ConvBNReLU1D(
        (act): ReLU(inplace=True)
        (net): Sequential(
          (0): Conv1d(16, 64, kernel_size=(1,), stride=(1,), bias=False)
          (1): BatchNorm1d(64, eps=1e-05, momentum=0.1, affine=True, track_running_stats=True)
          (2): ReLU(inplace=True)
        )
      )
      (1): ConvBNReLU1D(
        (act): ReLU(inplace=True)
        (net): Sequential(
          (0): Conv1d(64, 64, kernel_size=(1,), stride=(1,), bias=False)
          (1): BatchNorm1d(64, eps=1e-05, momentum=0.1, affine=True, track_running_stats=True)
          (2): ReLU(inplace=True)
        )
      )
    )
    (gmp_map_list): ModuleList(
      (0-1): 2 x ConvBNReLU1D(
        (act): ReLU(inplace=True)
        (net): Sequential(
          (0): Conv1d(768, 64, kernel_size=(1,), stride=(1,), bias=False)
          (1): BatchNorm1d(64, eps=1e-05, momentum=0.1, affine=True, track_running_stats=True)
          (2): ReLU(inplace=True)
        )
      )
      (2-4): 3 x ConvBNReLU1D(
        (act): ReLU(inplace=True)
        (net): Sequential(
          (0): Conv1d(384, 64, kernel_size=(1,), stride=(1,), bias=False)
          (1): BatchNorm1d(64, eps=1e-05, momentum=0.1, affine=True, track_running_stats=True)
          (2): ReLU(inplace=True)
        )
      )
    )
    (gmp_map_end): ConvBNReLU1D(
      (act): ReLU(inplace=True)
      (net): Sequential(
        (0): Conv1d(320, 64, kernel_size=(1,), stride=(1,), bias=False)
        (1): BatchNorm1d(64, eps=1e-05, momentum=0.1, affine=True, track_running_stats=True)
        (2): ReLU(inplace=True)
      )
    )
  )
  (head): SegHead(
    (head): Sequential(
      (0): Sequential(
        (0): Conv1d(1536, 1536, kernel_size=(1,), stride=(1,), bias=False)
        (1): BatchNorm1d(1536, eps=1e-05, momentum=0.1, affine=True, track_running_stats=True)
        (2): ReLU(inplace=True)
      )
      (1): Dropout(p=0.5, inplace=False)
      (2): Sequential(
        (0): Conv1d(1536, 18, kernel_size=(1,), stride=(1,))
      )
    )
  )
)
[10/05 08:06:47] ShapeNetPartNormal INFO: Number of params: 40.5774 M
[10/05 08:06:47] ShapeNetPartNormal INFO: Param groups = {
  "decay": {
    "weight_decay": 0.05,
    "params": [
      "encoder.embedding.net.0.weight",
      "encoder.order_prompt.weight",
      "encoder.pos_proj.0.weight",
      "encoder.pos_proj.1.weight",
      "encoder.pos_proj.2.weight",
      "encoder.pos_proj.3.weight",
      "encoder.local_grouper_list.0.affine_alpha",
      "encoder.local_grouper_list.0.affine_beta",
      "encoder.local_grouper_list.1.affine_alpha",
      "encoder.local_grouper_list.1.affine_beta",
      "encoder.local_grouper_list.2.affine_alpha",
      "encoder.local_grouper_list.2.affine_beta",
      "encoder.local_grouper_list.3.affine_alpha",
      "encoder.local_grouper_list.3.affine_beta",
      "encoder.pre_blocks_list.0.transfer.net.0.weight",
      "encoder.pre_blocks_list.0.operation.0.net1.0.weight",
      "encoder.pre_blocks_list.0.operation.0.net2.0.weight",
      "encoder.pre_blocks_list.1.transfer.net.0.weight",
      "encoder.pre_blocks_list.1.operation.0.net1.0.weight",
      "encoder.pre_blocks_list.1.operation.0.net2.0.weight",
      "encoder.pre_blocks_list.2.transfer.net.0.weight",
      "encoder.pre_blocks_list.2.operation.0.net1.0.weight",
      "encoder.pre_blocks_list.2.operation.0.net2.0.weight",
      "encoder.pre_blocks_list.3.transfer.net.0.weight",
      "encoder.pre_blocks_list.3.operation.0.net1.0.weight",
      "encoder.pre_blocks_list.3.operation.0.net2.0.weight",
      "encoder.mamba_blocks_list.0.0.mixer.A_log",
      "encoder.mamba_blocks_list.0.0.mixer.A_b_log",
      "encoder.mamba_blocks_list.0.0.mixer.in_proj.weight",
      "encoder.mamba_blocks_list.0.0.mixer.conv1d.weight",
      "encoder.mamba_blocks_list.0.0.mixer.x_proj.weight",
      "encoder.mamba_blocks_list.0.0.mixer.dt_proj.weight",
      "encoder.mamba_blocks_list.0.0.mixer.conv1d_b.weight",
      "encoder.mamba_blocks_list.0.0.mixer.x_proj_b.weight",
      "encoder.mamba_blocks_list.0.0.mixer.dt_proj_b.weight",
      "encoder.mamba_blocks_list.0.0.mixer.out_proj.weight",
      "encoder.mamba_blocks_list.1.0.mixer.A_log",
      "encoder.mamba_blocks_list.1.0.mixer.A_b_log",
      "encoder.mamba_blocks_list.1.0.mixer.in_proj.weight",
      "encoder.mamba_blocks_list.1.0.mixer.conv1d.weight",
      "encoder.mamba_blocks_list.1.0.mixer.x_proj.weight",
      "encoder.mamba_blocks_list.1.0.mixer.dt_proj.weight",
      "encoder.mamba_blocks_list.1.0.mixer.conv1d_b.weight",
      "encoder.mamba_blocks_list.1.0.mixer.x_proj_b.weight",
      "encoder.mamba_blocks_list.1.0.mixer.dt_proj_b.weight",
      "encoder.mamba_blocks_list.1.0.mixer.out_proj.weight",
      "encoder.mamba_blocks_list.1.1.mixer.A_log",
      "encoder.mamba_blocks_list.1.1.mixer.A_b_log",
      "encoder.mamba_blocks_list.1.1.mixer.in_proj.weight",
      "encoder.mamba_blocks_list.1.1.mixer.conv1d.weight",
      "encoder.mamba_blocks_list.1.1.mixer.x_proj.weight",
      "encoder.mamba_blocks_list.1.1.mixer.dt_proj.weight",
      "encoder.mamba_blocks_list.1.1.mixer.conv1d_b.weight",
      "encoder.mamba_blocks_list.1.1.mixer.x_proj_b.weight",
      "encoder.mamba_blocks_list.1.1.mixer.dt_proj_b.weight",
      "encoder.mamba_blocks_list.1.1.mixer.out_proj.weight",
      "encoder.mamba_blocks_list.2.0.mixer.A_log",
      "encoder.mamba_blocks_list.2.0.mixer.A_b_log",
      "encoder.mamba_blocks_list.2.0.mixer.in_proj.weight",
      "encoder.mamba_blocks_list.2.0.mixer.conv1d.weight",
      "encoder.mamba_blocks_list.2.0.mixer.x_proj.weight",
      "encoder.mamba_blocks_list.2.0.mixer.dt_proj.weight",
      "encoder.mamba_blocks_list.2.0.mixer.conv1d_b.weight",
      "encoder.mamba_blocks_list.2.0.mixer.x_proj_b.weight",
      "encoder.mamba_blocks_list.2.0.mixer.dt_proj_b.weight",
      "encoder.mamba_blocks_list.2.0.mixer.out_proj.weight",
      "encoder.mamba_blocks_list.2.1.mixer.A_log",
      "encoder.mamba_blocks_list.2.1.mixer.A_b_log",
      "encoder.mamba_blocks_list.2.1.mixer.in_proj.weight",
      "encoder.mamba_blocks_list.2.1.mixer.conv1d.weight",
      "encoder.mamba_blocks_list.2.1.mixer.x_proj.weight",
      "encoder.mamba_blocks_list.2.1.mixer.dt_proj.weight",
      "encoder.mamba_blocks_list.2.1.mixer.conv1d_b.weight",
      "encoder.mamba_blocks_list.2.1.mixer.x_proj_b.weight",
      "encoder.mamba_blocks_list.2.1.mixer.dt_proj_b.weight",
      "encoder.mamba_blocks_list.2.1.mixer.out_proj.weight",
      "encoder.mamba_blocks_list.3.0.mixer.A_log",
      "encoder.mamba_blocks_list.3.0.mixer.A_b_log",
      "encoder.mamba_blocks_list.3.0.mixer.in_proj.weight",
      "encoder.mamba_blocks_list.3.0.mixer.conv1d.weight",
      "encoder.mamba_blocks_list.3.0.mixer.x_proj.weight",
      "encoder.mamba_blocks_list.3.0.mixer.dt_proj.weight",
      "encoder.mamba_blocks_list.3.0.mixer.conv1d_b.weight",
      "encoder.mamba_blocks_list.3.0.mixer.x_proj_b.weight",
      "encoder.mamba_blocks_list.3.0.mixer.dt_proj_b.weight",
      "encoder.mamba_blocks_list.3.0.mixer.out_proj.weight",
      "encoder.mamba_blocks_list.3.1.mixer.A_log",
      "encoder.mamba_blocks_list.3.1.mixer.A_b_log",
      "encoder.mamba_blocks_list.3.1.mixer.in_proj.weight",
      "encoder.mamba_blocks_list.3.1.mixer.conv1d.weight",
      "encoder.mamba_blocks_list.3.1.mixer.x_proj.weight",
      "encoder.mamba_blocks_list.3.1.mixer.dt_proj.weight",
      "encoder.mamba_blocks_list.3.1.mixer.conv1d_b.weight",
      "encoder.mamba_blocks_list.3.1.mixer.x_proj_b.weight",
      "encoder.mamba_blocks_list.3.1.mixer.dt_proj_b.weight",
      "encoder.mamba_blocks_list.3.1.mixer.out_proj.weight",
      "encoder.mamba_blocks_list.3.2.mixer.A_log",
      "encoder.mamba_blocks_list.3.2.mixer.A_b_log",
      "encoder.mamba_blocks_list.3.2.mixer.in_proj.weight",
      "encoder.mamba_blocks_list.3.2.mixer.conv1d.weight",
      "encoder.mamba_blocks_list.3.2.mixer.x_proj.weight",
      "encoder.mamba_blocks_list.3.2.mixer.dt_proj.weight",
      "encoder.mamba_blocks_list.3.2.mixer.conv1d_b.weight",
      "encoder.mamba_blocks_list.3.2.mixer.x_proj_b.weight",
      "encoder.mamba_blocks_list.3.2.mixer.dt_proj_b.weight",
      "encoder.mamba_blocks_list.3.2.mixer.out_proj.weight",
      "encoder.mamba_blocks_list.3.3.mixer.A_log",
      "encoder.mamba_blocks_list.3.3.mixer.A_b_log",
      "encoder.mamba_blocks_list.3.3.mixer.in_proj.weight",
      "encoder.mamba_blocks_list.3.3.mixer.conv1d.weight",
      "encoder.mamba_blocks_list.3.3.mixer.x_proj.weight",
      "encoder.mamba_blocks_list.3.3.mixer.dt_proj.weight",
      "encoder.mamba_blocks_list.3.3.mixer.conv1d_b.weight",
      "encoder.mamba_blocks_list.3.3.mixer.x_proj_b.weight",
      "encoder.mamba_blocks_list.3.3.mixer.dt_proj_b.weight",
      "encoder.mamba_blocks_list.3.3.mixer.out_proj.weight",
      "encoder.residual_proj_blocks_list.2.weight",
      "encoder.order_prompt_proj.0.weight",
      "encoder.order_prompt_proj.1.weight",
      "encoder.order_prompt_proj.2.weight",
      "encoder.order_prompt_proj.3.weight",
      "decoder.decode_list.0.fuse.net.0.weight",
      "decoder.decode_list.0.extraction.operation.0.net1.0.weight",
      "decoder.decode_list.0.extraction.operation.0.net2.0.weight",
      "decoder.decode_list.1.fuse.net.0.weight",
      "decoder.decode_list.1.extraction.operation.0.net1.0.weight",
      "decoder.decode_list.1.extraction.operation.0.net2.0.weight",
      "decoder.decode_list.2.fuse.net.0.weight",
      "decoder.decode_list.2.extraction.operation.0.net1.0.weight",
      "decoder.decode_list.2.extraction.operation.0.net2.0.weight",
      "decoder.decode_list.3.fuse.net.0.weight",
      "decoder.decode_list.3.extraction.operation.0.net1.0.weight",
      "decoder.decode_list.3.extraction.operation.0.net2.0.weight",
      "decoder.cls_map.0.net.0.weight",
      "decoder.cls_map.1.net.0.weight",
      "decoder.gmp_map_list.0.net.0.weight",
      "decoder.gmp_map_list.1.net.0.weight",
      "decoder.gmp_map_list.2.net.0.weight",
      "decoder.gmp_map_list.3.net.0.weight",
      "decoder.gmp_map_list.4.net.0.weight",
      "decoder.gmp_map_end.net.0.weight",
      "head.head.0.0.weight",
      "head.head.2.0.weight"
    ],
    "lr_scale": 1.0
  },
  "no_decay": {
    "weight_decay": 0.0,
    "params": [
      "encoder.embedding.net.1.weight",
      "encoder.embedding.net.1.bias",
      "encoder.pre_blocks_list.0.transfer.net.1.weight",
      "encoder.pre_blocks_list.0.transfer.net.1.bias",
      "encoder.pre_blocks_list.0.operation.0.net1.1.weight",
      "encoder.pre_blocks_list.0.operation.0.net1.1.bias",
      "encoder.pre_blocks_list.0.operation.0.net2.1.weight",
      "encoder.pre_blocks_list.0.operation.0.net2.1.bias",
      "encoder.pre_blocks_list.1.transfer.net.1.weight",
      "encoder.pre_blocks_list.1.transfer.net.1.bias",
      "encoder.pre_blocks_list.1.operation.0.net1.1.weight",
      "encoder.pre_blocks_list.1.operation.0.net1.1.bias",
      "encoder.pre_blocks_list.1.operation.0.net2.1.weight",
      "encoder.pre_blocks_list.1.operation.0.net2.1.bias",
      "encoder.pre_blocks_list.2.transfer.net.1.weight",
      "encoder.pre_blocks_list.2.transfer.net.1.bias",
      "encoder.pre_blocks_list.2.operation.0.net1.1.weight",
      "encoder.pre_blocks_list.2.operation.0.net1.1.bias",
      "encoder.pre_blocks_list.2.operation.0.net2.1.weight",
      "encoder.pre_blocks_list.2.operation.0.net2.1.bias",
      "encoder.pre_blocks_list.3.transfer.net.1.weight",
      "encoder.pre_blocks_list.3.transfer.net.1.bias",
      "encoder.pre_blocks_list.3.operation.0.net1.1.weight",
      "encoder.pre_blocks_list.3.operation.0.net1.1.bias",
      "encoder.pre_blocks_list.3.operation.0.net2.1.weight",
      "encoder.pre_blocks_list.3.operation.0.net2.1.bias",
      "encoder.mamba_blocks_list.0.0.mixer.D",
      "encoder.mamba_blocks_list.0.0.mixer.D_b",
      "encoder.mamba_blocks_list.0.0.mixer.conv1d.bias",
      "encoder.mamba_blocks_list.0.0.mixer.dt_proj.bias",
      "encoder.mamba_blocks_list.0.0.mixer.conv1d_b.bias",
      "encoder.mamba_blocks_list.0.0.mixer.dt_proj_b.bias",
      "encoder.mamba_blocks_list.0.0.norm.weight",
      "encoder.mamba_blocks_list.1.0.mixer.D",
      "encoder.mamba_blocks_list.1.0.mixer.D_b",
      "encoder.mamba_blocks_list.1.0.mixer.conv1d.bias",
      "encoder.mamba_blocks_list.1.0.mixer.dt_proj.bias",
      "encoder.mamba_blocks_list.1.0.mixer.conv1d_b.bias",
      "encoder.mamba_blocks_list.1.0.mixer.dt_proj_b.bias",
      "encoder.mamba_blocks_list.1.0.norm.weight",
      "encoder.mamba_blocks_list.1.1.mixer.D",
      "encoder.mamba_blocks_list.1.1.mixer.D_b",
      "encoder.mamba_blocks_list.1.1.mixer.conv1d.bias",
      "encoder.mamba_blocks_list.1.1.mixer.dt_proj.bias",
      "encoder.mamba_blocks_list.1.1.mixer.conv1d_b.bias",
      "encoder.mamba_blocks_list.1.1.mixer.dt_proj_b.bias",
      "encoder.mamba_blocks_list.1.1.norm.weight",
      "encoder.mamba_blocks_list.2.0.mixer.D",
      "encoder.mamba_blocks_list.2.0.mixer.D_b",
      "encoder.mamba_blocks_list.2.0.mixer.conv1d.bias",
      "encoder.mamba_blocks_list.2.0.mixer.dt_proj.bias",
      "encoder.mamba_blocks_list.2.0.mixer.conv1d_b.bias",
      "encoder.mamba_blocks_list.2.0.mixer.dt_proj_b.bias",
      "encoder.mamba_blocks_list.2.0.norm.weight",
      "encoder.mamba_blocks_list.2.1.mixer.D",
      "encoder.mamba_blocks_list.2.1.mixer.D_b",
      "encoder.mamba_blocks_list.2.1.mixer.conv1d.bias",
      "encoder.mamba_blocks_list.2.1.mixer.dt_proj.bias",
      "encoder.mamba_blocks_list.2.1.mixer.conv1d_b.bias",
      "encoder.mamba_blocks_list.2.1.mixer.dt_proj_b.bias",
      "encoder.mamba_blocks_list.2.1.norm.weight",
      "encoder.mamba_blocks_list.3.0.mixer.D",
      "encoder.mamba_blocks_list.3.0.mixer.D_b",
      "encoder.mamba_blocks_list.3.0.mixer.conv1d.bias",
      "encoder.mamba_blocks_list.3.0.mixer.dt_proj.bias",
      "encoder.mamba_blocks_list.3.0.mixer.conv1d_b.bias",
      "encoder.mamba_blocks_list.3.0.mixer.dt_proj_b.bias",
      "encoder.mamba_blocks_list.3.0.norm.weight",
      "encoder.mamba_blocks_list.3.1.mixer.D",
      "encoder.mamba_blocks_list.3.1.mixer.D_b",
      "encoder.mamba_blocks_list.3.1.mixer.conv1d.bias",
      "encoder.mamba_blocks_list.3.1.mixer.dt_proj.bias",
      "encoder.mamba_blocks_list.3.1.mixer.conv1d_b.bias",
      "encoder.mamba_blocks_list.3.1.mixer.dt_proj_b.bias",
      "encoder.mamba_blocks_list.3.1.norm.weight",
      "encoder.mamba_blocks_list.3.2.mixer.D",
      "encoder.mamba_blocks_list.3.2.mixer.D_b",
      "encoder.mamba_blocks_list.3.2.mixer.conv1d.bias",
      "encoder.mamba_blocks_list.3.2.mixer.dt_proj.bias",
      "encoder.mamba_blocks_list.3.2.mixer.conv1d_b.bias",
      "encoder.mamba_blocks_list.3.2.mixer.dt_proj_b.bias",
      "encoder.mamba_blocks_list.3.2.norm.weight",
      "encoder.mamba_blocks_list.3.3.mixer.D",
      "encoder.mamba_blocks_list.3.3.mixer.D_b",
      "encoder.mamba_blocks_list.3.3.mixer.conv1d.bias",
      "encoder.mamba_blocks_list.3.3.mixer.dt_proj.bias",
      "encoder.mamba_blocks_list.3.3.mixer.conv1d_b.bias",
      "encoder.mamba_blocks_list.3.3.mixer.dt_proj_b.bias",
      "encoder.mamba_blocks_list.3.3.norm.weight",
      "decoder.decode_list.0.fuse.net.0.bias",
      "decoder.decode_list.0.fuse.net.1.weight",
      "decoder.decode_list.0.fuse.net.1.bias",
      "decoder.decode_list.0.extraction.operation.0.net1.0.bias",
      "decoder.decode_list.0.extraction.operation.0.net1.1.weight",
      "decoder.decode_list.0.extraction.operation.0.net1.1.bias",
      "decoder.decode_list.0.extraction.operation.0.net2.0.bias",
      "decoder.decode_list.0.extraction.operation.0.net2.1.weight",
      "decoder.decode_list.0.extraction.operation.0.net2.1.bias",
      "decoder.decode_list.1.fuse.net.0.bias",
      "decoder.decode_list.1.fuse.net.1.weight",
      "decoder.decode_list.1.fuse.net.1.bias",
      "decoder.decode_list.1.extraction.operation.0.net1.0.bias",
      "decoder.decode_list.1.extraction.operation.0.net1.1.weight",
      "decoder.decode_list.1.extraction.operation.0.net1.1.bias",
      "decoder.decode_list.1.extraction.operation.0.net2.0.bias",
      "decoder.decode_list.1.extraction.operation.0.net2.1.weight",
      "decoder.decode_list.1.extraction.operation.0.net2.1.bias",
      "decoder.decode_list.2.fuse.net.0.bias",
      "decoder.decode_list.2.fuse.net.1.weight",
      "decoder.decode_list.2.fuse.net.1.bias",
      "decoder.decode_list.2.extraction.operation.0.net1.0.bias",
      "decoder.decode_list.2.extraction.operation.0.net1.1.weight",
      "decoder.decode_list.2.extraction.operation.0.net1.1.bias",
      "decoder.decode_list.2.extraction.operation.0.net2.0.bias",
      "decoder.decode_list.2.extraction.operation.0.net2.1.weight",
      "decoder.decode_list.2.extraction.operation.0.net2.1.bias",
      "decoder.decode_list.3.fuse.net.0.bias",
      "decoder.decode_list.3.fuse.net.1.weight",
      "decoder.decode_list.3.fuse.net.1.bias",
      "decoder.decode_list.3.extraction.operation.0.net1.0.bias",
      "decoder.decode_list.3.extraction.operation.0.net1.1.weight",
      "decoder.decode_list.3.extraction.operation.0.net1.1.bias",
      "decoder.decode_list.3.extraction.operation.0.net2.0.bias",
      "decoder.decode_list.3.extraction.operation.0.net2.1.weight",
      "decoder.decode_list.3.extraction.operation.0.net2.1.bias",
      "decoder.cls_map.0.net.1.weight",
      "decoder.cls_map.0.net.1.bias",
      "decoder.cls_map.1.net.1.weight",
      "decoder.cls_map.1.net.1.bias",
      "decoder.gmp_map_list.0.net.1.weight",
      "decoder.gmp_map_list.0.net.1.bias",
      "decoder.gmp_map_list.1.net.1.weight",
      "decoder.gmp_map_list.1.net.1.bias",
      "decoder.gmp_map_list.2.net.1.weight",
      "decoder.gmp_map_list.2.net.1.bias",
      "decoder.gmp_map_list.3.net.1.weight",
      "decoder.gmp_map_list.3.net.1.bias",
      "decoder.gmp_map_list.4.net.1.weight",
      "decoder.gmp_map_list.4.net.1.bias",
      "decoder.gmp_map_end.net.1.weight",
      "decoder.gmp_map_end.net.1.bias",
      "head.head.0.1.weight",
      "head.head.0.1.bias",
      "head.head.2.0.bias"
    ],
    "lr_scale": 1.0
  }
}
[10/05 08:06:47] ShapeNetPartNormal INFO: Training from scratch
[10/05 08:06:47] ShapeNetPartNormal INFO: length of training dataset: 67
